
===== 周期 1 =====
  t+ 26s status: 设计进行中:step + glm……
  t+ 31s status: 设计进行中……已等待 5 秒
  t+ 36s status: 设计进行中……已等待 10 秒
  t+ 41s status: 设计进行中……已等待 15 秒
  t+ 46s status: 设计进行中……已等待 20 秒
  t+ 51s status: 设计进行中……已等待 25 秒
  t+ 56s status: 设计进行中……已等待 30 秒
  t+ 61s status: 设计进行中……已等待 35 秒
  t+ 66s status: 设计进行中……已等待 40 秒
  t+ 71s status: 设计进行中……已等待 45 秒
  t+ 76s status: 设计进行中……已等待 50 秒
  t+ 82s status: 设计进行中……已等待 55 秒
  t+ 87s status: 设计进行中……已等待 60 秒
  t+ 92s status: 设计进行中……已等待 65 秒
  t+ 97s status: 设计进行中……已等待 70 秒
  t+102s status: 设计进行中……已等待 75 秒
  t+107s status: 设计进行中……已等待 80 秒
  t+112s status: 设计进行中……已等待 85 秒
  t+117s status: 设计进行中……已等待 90 秒
  t+122s status: 设计进行中……已等待 95 秒
  t+127s status: 设计进行中……已等待 100 秒
  t+132s status: 设计进行中……已等待 105 秒
  t+137s status: 设计进行中……已等待 110 秒
  t+142s status: 设计进行中……已等待 115 秒
  t+147s status: 设计进行中……已等待 120 秒
  t+152s status: 生成完成，正在进入游戏……
[PASS] 周期1: 生成全程 152.1s < 160s(导入就绪 21.9s)
[PASS] 周期1: 素材 ≥5(实际 10)
[PASS] 周期1: 空间层次 scenes≥2(实际 2)  — 元件车间 | 编程机房
[PASS] 周期1: 可通关(真实引擎已挂载, snapshot 就绪)
  [datasets] [{"key": "tw::all::::7c65e4886acc6", "lrTheme": "深夜元件车间——防静电垫、锡焊味和一排排待组装的门电路"}]
[PASS] 周期1: theme 落库「深夜元件车间——防静电垫、锡焊味和一排排待组装的门电路」
[信息] 周期1: creativeThesis='' motif='' turn=''
[PASS] 周期1: 挂载为未命名(延迟命名)  — 未命名冒险 · 08-30 13:35
[PASS] 周期1: 并行房间标记(空间层次 P42)
[PASS] 周期1: 每房间隐藏物(2/2 房有 hidden,共 2)
[PASS] 周期1: 机关道具(共 4 件,2/2 房有)
[PASS] 周期1: reveals 显形 ≥2(实际 2)
[PASS] 周期1: 容器显形链(同房容器→隐藏物 2 处)
[PASS] 周期1: 回访物件(被 ≥2 步使用 1 件)
[PASS] 周期1: 房间全亮(locked 房间 0 个)  — 元件车间 | 编程机房
[PASS] 周期1: desc 富化(素材描述非空 5/6)
[PASS] 周期1: 终局收束跨房间(deliver 依赖闭包 2 个场景)
[PASS] 周期1: digest 摘要(6/10)
[PASS] 周期1: 事实接地(未接地 0 处)  — []
[PASS] 周期1: 全部房间开局亮出(scene 节点 2/2)  — ["compiled-scene-scene-ws-bench", "compiled-item-prop-1", "compiled-item-prop-2", "compiled-item-bookmark-cr7gzd-0", "compiled-item-bookmark-1snkekw-7", "compiled-scene-scene-machine-room", "compiled-item-bookmark-1m8vw52-1", "compiled-item-bookmark-1c7wd6o-5", "compiled-item-prop-3", "compiled-item-prop-4", "compiled-exit"]

===== 周期 2 =====
  t+  5s status: 生成完成，正在进入游戏……
[PASS] 周期2: 生成全程 5.1s < 160s(导入就绪 0.0s)
[PASS] 周期2: 素材 ≥5(实际 10)
[PASS] 周期2: 空间层次 scenes≥2(实际 2)  — 元件车间 | 编程机房
[PASS] 周期2: 可通关(真实引擎已挂载, snapshot 就绪)
  [datasets] [{"key": "tw::all::::7c65e4886acc6", "lrTheme": "深夜元件车间——防静电垫、锡焊味和一排排待组装的门电路"}]
[PASS] 周期2: theme 落库「深夜元件车间——防静电垫、锡焊味和一排排待组装的门电路」
[信息] 周期2: creativeThesis='' motif='' turn=''
[PASS] 周期2: 挂载为未命名(延迟命名)  — 未命名冒险 · 08-30 13:35
[PASS] 周期2: 并行房间标记(空间层次 P42)
[PASS] 周期2: 每房间隐藏物(2/2 房有 hidden,共 2)
[PASS] 周期2: 机关道具(共 4 件,2/2 房有)
[PASS] 周期2: reveals 显形 ≥2(实际 2)
[PASS] 周期2: 容器显形链(同房容器→隐藏物 2 处)
[PASS] 周期2: 回访物件(被 ≥2 步使用 1 件)
[PASS] 周期2: 房间全亮(locked 房间 0 个)  — 元件车间 | 编程机房
[PASS] 周期2: desc 富化(素材描述非空 5/6)
[PASS] 周期2: 终局收束跨房间(deliver 依赖闭包 2 个场景)
[PASS] 周期2: digest 摘要(6/10)
[PASS] 周期2: 事实接地(未接地 0 处)  — []
[PASS] 周期2: 全部房间开局亮出(scene 节点 2/2)  — ["compiled-scene-scene-ws-bench", "compiled-item-prop-1", "compiled-item-prop-2", "compiled-item-bookmark-cr7gzd-0", "compiled-item-bookmark-1snkekw-7", "compiled-scene-scene-machine-room", "compiled-item-bookmark-1m8vw52-1", "compiled-item-bookmark-1c7wd6o-5", "compiled-item-prop-3", "compiled-item-prop-4", "compiled-exit"]

===== verify_adventure_goal: 36/36 通过 =====
